root:680 [[92mINFO[0m] Command line invocation: harness/train_financebench.py
tinker_cookbook.utils.ml_log:618 [[92mINFO[0m] Logging to: /home/dreamhunter/Documents/Research/rl-for-ai-research/results/paper_2026_rl4llm/provider_smoke_lr1e5_v3
tinker_cookbook.rl.train:1920 [[92mINFO[0m] Tracing is enabled. Trace events will be saved to /home/dreamhunter/Documents/Research/rl-for-ai-research/results/paper_2026_rl4llm/provider_smoke_lr1e5_v3/trace_events.jsonl
tinker_cookbook.rl.train:1921 [[92mINFO[0m] Run `python tinker_cookbook/utils/trace.py /home/dreamhunter/Documents/Research/rl-for-ai-research/results/paper_2026_rl4llm/provider_smoke_lr1e5_v3/trace_events.jsonl trace.json` and visualize in chrome://tracing or https://ui.perfetto.dev/
tinker_cookbook.checkpoint_utils:396 [[92mINFO[0m] No checkpoints found at /home/dreamhunter/Documents/Research/rl-for-ai-research/results/paper_2026_rl4llm/provider_smoke_lr1e5_v3/checkpoints.jsonl
tinker_cookbook.checkpoint_utils:427 [[92mINFO[0m] No checkpoints found with key state_path in /home/dreamhunter/Documents/Research/rl-for-ai-research/results/paper_2026_rl4llm/provider_smoke_lr1e5_v3
tinker.lib.public_interfaces.service_client:131 [[92mINFO[0m] ServiceClient initialized for session 6df1509b-c923-5f88-a0d7-6aff5e05afa5
tinker.lib.public_interfaces.service_client:270 [[92mINFO[0m] TrainingClient initialized for model 6df1509b-c923-5f88-a0d7-6aff5e05afa5:train:0
Warning: You are sending unauthenticated requests to the HF Hub. Please set a HF_TOKEN to enable higher rate limits and faster downloads.
huggingface_hub.utils._http:951 [[93mWARNING[0m] Warning: You are sending unauthenticated requests to the HF Hub. Please set a HF_TOKEN to enable higher rate limits and faster downloads.
tinker_cookbook.rl.train:1991 [[92mINFO[0m] Will train on 1 batches
Sampling batch 0:   0%|          | 0/8 [00:00<?, ?it/s]Sampling batch 0:  12%|█▎        | 1/8 [00:24<02:54, 24.96s/it]Sampling batch 0:  25%|██▌       | 2/8 [00:27<01:10, 11.82s/it]Sampling batch 0:  50%|█████     | 4/8 [00:29<00:19,  4.92s/it]Sampling batch 0:  62%|██████▎   | 5/8 [00:30<00:11,  3.77s/it]Sampling batch 0: 100%|██████████| 8/8 [00:31<00:00,  1.84s/it]Sampling batch 0: 100%|██████████| 8/8 [00:31<00:00,  3.95s/it]
tinker_cookbook.checkpoint_utils:467 [[92mINFO[0m] Saved checkpoints: {'state_path': 'tinker://6df1509b-c923-5f88-a0d7-6aff5e05afa5:train:0/weights/000001', 'sampler_path': 'tinker://6df1509b-c923-5f88-a0d7-6aff5e05afa5:train:0/sampler_weights/000001'}
tinker_cookbook.utils.ml_log:206 [[92mINFO[0m] Wrote metrics to /home/dreamhunter/Documents/Research/rl-for-ai-research/results/paper_2026_rl4llm/provider_smoke_lr1e5_v3/metrics.jsonl
tinker_cookbook.utils.ml_log:279 [[92mINFO[0m] 
                               Step 0                                
┏━━━━━━━━━━━━━━━━━━━━━━━━━━━━━━━━━━━━━━━━━━━━━━━━━━━━━━━┳━━━━━━━━━━━┓
┃ Metric                                                ┃ Value     ┃
┡━━━━━━━━━━━━━━━━━━━━━━━━━━━━━━━━━━━━━━━━━━━━━━━━━━━━━━━╇━━━━━━━━━━━┩
│ optim/lr                                              │ 0.000010  │
│ progress/batch                                        │ 0         │
│ progress/done_frac                                    │ 1.000000  │
│ time/compute_group_rewards:max                        │ 0.002862  │
│ time/compute_group_rewards:mean                       │ 0.002593  │
│ time/do_group_rollout_and_filter_constant_reward:max  │ 31.509357 │
│ time/do_group_rollout_and_filter_constant_reward:mean │ 29.007548 │
│ time/env_initial_observation:max                      │ 0.068531  │
│ time/env_initial_observation:mean                     │ 0.030156  │
│ time/env_step:max                                     │ 1.284126  │
│ time/env_step:mean                                    │ 0.212555  │
│ time/policy_sample:max                                │ 12.131764 │
│ time/policy_sample:mean                               │ 3.192195  │
│ time/sample_async:max                                 │ 12.131656 │
│ time/sample_async:mean                                │ 3.192137  │
│ time/sampling                                         │ 31.680967 │
│ time/save_checkpoint                                  │ 13.578407 │
│ time/save_checkpoint_and_get_sampling_client          │ 13.782486 │
│ time/save_checkpoint_async                            │ 13.578387 │
│ time/save_state_async                                 │ 0.000075  │
│ time/save_weights_for_sampler_async                   │ 0.000009  │
│ time/total                                            │ 45.473573 │
│ workshop/calls                                        │ 1         │
│ workshop/optimizer_updates                            │ 0         │
│ workshop/skipped_batches                              │ 1         │
│ workshop/zero_signal_batch                            │ 1         │
└───────────────────────────────────────────────────────┴───────────┘
tinker_cookbook.checkpoint_utils:467 [[92mINFO[0m] Saved checkpoints: {'state_path': 'tinker://6df1509b-c923-5f88-a0d7-6aff5e05afa5:train:0/weights/final', 'sampler_path': 'tinker://6df1509b-c923-5f88-a0d7-6aff5e05afa5:train:0/sampler_weights/final'}
tinker_cookbook.rl.train:2052 [[92mINFO[0m] Training completed successfully
tinker.lib.public_interfaces.service_client:131 [[92mINFO[0m] ServiceClient initialized for session 757540e2-4967-5322-83dd-fb3b809067ba
{"question_id": "financebench_id_03029", "correct": 0, "grounded_success": 0, "stop_reason": "accepted_finish", "unresolved": false}
{"question_id": "financebench_id_00499", "correct": 0, "grounded_success": 0, "stop_reason": "turn_limit", "unresolved": false}
{"question_id": "financebench_id_00807", "correct": 0, "grounded_success": 0, "stop_reason": "length", "unresolved": false}
{"question_id": "financebench_id_02987", "correct": 0, "grounded_success": 0, "stop_reason": "turn_limit", "unresolved": false}
{"question_id": "financebench_id_04735", "correct": 0, "grounded_success": 0, "stop_reason": "length", "unresolved": false}
{"question_id": "financebench_id_07507", "correct": 0, "grounded_success": 0, "stop_reason": "turn_limit", "unresolved": false}
{"question_id": "financebench_id_00438", "correct": 0, "grounded_success": 0, "stop_reason": "length", "unresolved": false}
{"question_id": "financebench_id_00540", "correct": 0, "grounded_success": 0, "stop_reason": "turn_limit", "unresolved": false}
{"question_id": "financebench_id_06655", "correct": 0, "grounded_success": 0, "stop_reason": "length", "unresolved": false}
{"question_id": "financebench_id_03882", "correct": 0, "grounded_success": 0, "stop_reason": "accepted_finish", "unresolved": false}
{"question_id": "financebench_id_01936", "correct": 0, "grounded_success": 0, "stop_reason": "plain_text", "unresolved": false}
{"question_id": "financebench_id_00684", "correct": 0, "grounded_success": 0, "stop_reason": "accepted_finish", "unresolved": true}
