root:680 [INFO] Command line invocation: harness/train_financebench.py
tinker_cookbook.utils.ml_log:618 [INFO] Logging to: /home/dreamhunter/Documents/Research/rl-for-ai-research/results/paper_2026_rl4llm/provider_smoke_lr1e5_v3
tinker_cookbook.rl.train:1920 [INFO] Tracing is enabled. Trace events will be saved to /home/dreamhunter/Documents/Research/rl-for-ai-research/results/paper_2026_rl4llm/provider_smoke_lr1e5_v3/trace_events.jsonl
tinker_cookbook.rl.train:1921 [INFO] Run `python tinker_cookbook/utils/trace.py /home/dreamhunter/Documents/Research/rl-for-ai-research/results/paper_2026_rl4llm/provider_smoke_lr1e5_v3/trace_events.jsonl trace.json` and visualize in chrome://tracing or https://ui.perfetto.dev/
tinker_cookbook.checkpoint_utils:396 [INFO] No checkpoints found at /home/dreamhunter/Documents/Research/rl-for-ai-research/results/paper_2026_rl4llm/provider_smoke_lr1e5_v3/checkpoints.jsonl
tinker_cookbook.checkpoint_utils:427 [INFO] No checkpoints found with key state_path in /home/dreamhunter/Documents/Research/rl-for-ai-research/results/paper_2026_rl4llm/provider_smoke_lr1e5_v3
tinker.lib.public_interfaces.service_client:131 [INFO] ServiceClient initialized for session 6df1509b-c923-5f88-a0d7-6aff5e05afa5
tinker.lib.public_interfaces.service_client:270 [INFO] TrainingClient initialized for model 6df1509b-c923-5f88-a0d7-6aff5e05afa5:train:0
huggingface_hub.utils._http:951 [WARNING] Warning: You are sending unauthenticated requests to the HF Hub. Please set a HF_TOKEN to enable higher rate limits and faster downloads.
tinker_cookbook.rl.train:1991 [INFO] Will train on 1 batches
tinker_cookbook.checkpoint_utils:467 [INFO] Saved checkpoints: {'state_path': 'tinker://6df1509b-c923-5f88-a0d7-6aff5e05afa5:train:0/weights/000001', 'sampler_path': 'tinker://6df1509b-c923-5f88-a0d7-6aff5e05afa5:train:0/sampler_weights/000001'}
tinker_cookbook.utils.ml_log:206 [INFO] Wrote metrics to /home/dreamhunter/Documents/Research/rl-for-ai-research/results/paper_2026_rl4llm/provider_smoke_lr1e5_v3/metrics.jsonl
tinker_cookbook.utils.ml_log:279 [INFO] 
                               Step 0                                
┏━━━━━━━━━━━━━━━━━━━━━━━━━━━━━━━━━━━━━━━━━━━━━━━━━━━━━━━┳━━━━━━━━━━━┓
┃ Metric                                                ┃ Value     ┃
┡━━━━━━━━━━━━━━━━━━━━━━━━━━━━━━━━━━━━━━━━━━━━━━━━━━━━━━━╇━━━━━━━━━━━┩
│ optim/lr                                              │ 0.000010  │
│ progress/batch                                        │ 0         │
│ progress/done_frac                                    │ 1.000000  │
│ time/compute_group_rewards:max                        │ 0.002862  │
│ time/compute_group_rewards:mean                       │ 0.002593  │
│ time/do_group_rollout_and_filter_constant_reward:max  │ 31.509357 │
│ time/do_group_rollout_and_filter_constant_reward:mean │ 29.007548 │
│ time/env_initial_observation:max                      │ 0.068531  │
│ time/env_initial_observation:mean                     │ 0.030156  │
│ time/env_step:max                                     │ 1.284126  │
│ time/env_step:mean                                    │ 0.212555  │
│ time/policy_sample:max                                │ 12.131764 │
│ time/policy_sample:mean                               │ 3.192195  │
│ time/sample_async:max                                 │ 12.131656 │
│ time/sample_async:mean                                │ 3.192137  │
│ time/sampling                                         │ 31.680967 │
│ time/save_checkpoint                                  │ 13.578407 │
│ time/save_checkpoint_and_get_sampling_client          │ 13.782486 │
│ time/save_checkpoint_async                            │ 13.578387 │
│ time/save_state_async                                 │ 0.000075  │
│ time/save_weights_for_sampler_async                   │ 0.000009  │
│ time/total                                            │ 45.473573 │
│ workshop/calls                                        │ 1         │
│ workshop/optimizer_updates                            │ 0         │
│ workshop/skipped_batches                              │ 1         │
│ workshop/zero_signal_batch                            │ 1         │
└───────────────────────────────────────────────────────┴───────────┘
tinker_cookbook.checkpoint_utils:467 [INFO] Saved checkpoints: {'state_path': 'tinker://6df1509b-c923-5f88-a0d7-6aff5e05afa5:train:0/weights/final', 'sampler_path': 'tinker://6df1509b-c923-5f88-a0d7-6aff5e05afa5:train:0/sampler_weights/final'}
tinker_cookbook.rl.train:2052 [INFO] Training completed successfully
tinker.lib.public_interfaces.service_client:131 [INFO] ServiceClient initialized for session 757540e2-4967-5322-83dd-fb3b809067ba
